Microchip MPLAB XC8 Compiler V2.40

Linker command line:

-W-3 \
  --edf=C:\Program Files\Microchip\xc8\v2.40\pic\dat\20220703182018_en.msgs \
  -cn -h+dist/default/production\Lab4-Master.X.production.sym \
  --cmf=dist/default/production\Lab4-Master.X.production.cmf -z -Q16F887 \
  -oC:\Users\miche\AppData\Local\Temp\xcAsg94.4 --defsym=__MPLAB_BUILD=1 \
  --fixupoverflow=error \
  -Mdist/default/production/Lab4-Master.X.production.map \
  --md=C:\Users\miche\AppData\Local\Temp\xcAsg94.dat -E1 -ver=XC8 Compiler \
  --acfsm=1493 -ACODE=00h-07FFhx4 -ASTRCODE=00h-01FFFh -ASTRING=00h-0FFhx32 \
  -ACONST=00h-0FFhx32 -AENTRY=00h-0FFhx32 -ACOMMON=070h-07Fh \
  -ABANK0=020h-06Fh -ABANK1=0A0h-0EFh -ABANK2=0110h-016Fh \
  -ABANK3=0190h-01EFh -ARAM=020h-06Fh,0A0h-0EFh,0110h-016Fh,0190h-01EFh \
  -AABS1=020h-07Fh,0A0h-0EFh,0110h-016Fh,0190h-01EFh -ASFR0=00h-01Fh \
  -ASFR1=080h-09Fh -ASFR2=0100h-010Fh -ASFR3=0180h-018Fh \
  -ACONFIG=02007h-02008h -DCONFIG=2 -AIDLOC=02000h-02003h -DIDLOC=2 \
  -AEEDATA=00h-0FFh/02100h -peeprom_data=EEDATA -DEEDATA=2 -DCODE=2 \
  -DSTRCODE=2 -DSTRING=2 -DCONST=2 -DENTRY=2 \
  -preset_vec=00h,intentry,init,end_init -ppowerup=CODE -pcinit=CODE \
  -pfunctab=ENTRY -k C:\Users\miche\AppData\Local\Temp\xcAsg94.o \
  dist/default/production\Lab4-Master.X.production.o 

Object code version is 3.11

Machine type is 16F887



                Name                               Link     Load   Length Selector   Space Scale
C:\Users\miche\AppData\Local\Temp\xcAsg94.o
                end_init                              0        0        3        0       0
                config                             2007     2007        2        0       4
                idloc                              2000     2000        4        0       5
dist/default/production\Lab4-Master.X.production.o
                cinit                               7DE      7DE       22      FBC       0
                config                             2007     2007        2        0       4
                idloc                              2000     2000        4        0       5
                text35                              9C4      9C4        9     1388       0
                text34                              ABB      ABB       27     1576       0
                text33                              A99      A99       22     1532       0
                text32                              A60      A60       1A     14C0       0
                text31                              A0C      A0C        D     1418       0
                text30                              DB6      DB6       5E     1B6C       0
                text29                              CDE      CDE       46     19BC       0
                text28                              B67      B67       35     16CE       0
                text27                              C58      C58       42     18B0       0
                text26                                4        4       67        8       0
                text25                              2C6      2C6      1D3      58C       0
                text24                              AE2      AE2       27     15C4       0
                text23                              499      499      345      932       0
                text22                              ED0      ED0       78     1DA0       0
                text21                              F48      F48       B8     1E90       0
                text20                              BD6      BD6       41     17AC       0
                text19                              C17      C17       41     182E       0
                text18                              9CD      9CD        A     139A       0
                text17                              9D7      9D7        A     13AE       0
                text16                              A19      A19        E     1432       0
                text15                              B09      B09       2F     1612       0
                text14                              B38      B38       2F     1670       0
                text13                              9EB      9EB        B     13D6       0
                text12                              9F6      9F6        B     13EC       0
                text11                              A01      A01        B     1402       0
                text10                              9E1      9E1        A     13C2       0
                text9                               D24      D24       49     1A48       0
                text8                               D6D      D6D       49     1ADA       0
                text7                               E14      E14       5E     1C28       0
                text6                               E72      E72       5E     1CE4       0
                text5                               A7A      A7A       1F     14F4       0
                text4                               A48      A48       18     1490       0
                text3                               C9A      C9A       44     1934       0
                text2                               B9C      B9C       3A     1738       0
                text1                                6B       6B       DA       D6       0
                maintext                            145      145      181      28A       0
                cstackBANK0                          20       20       40       20       1
                cstackCOMMON                         70       70        E       70       1
                cstackBANK1                          A0       A0       1A       A0       1
                clrtext                             9BC      9BC        8     1378       0
                inittext                            A35      A35       13     146A       0
                dataBANK1                            CE       CE        E       A0       1
                bssBANK1                             BA       BA       14       A0       1
                bssBANK0                             60       60        D       20       1
                strings                             800      800       25     1000       0
                idataBANK1                          A27      A27        E     144E       0

TOTAL           Name                               Link     Load   Length     Space
        CLASS   CODE           
                end_init                              0        0        3         0
                cinit                               7DE      7DE       22         0
                text35                              9C4      9C4        9         0
                text34                              ABB      ABB       27         0
                text33                              A99      A99       22         0
                text32                              A60      A60       1A         0
                text31                              A0C      A0C        D         0
                text30                              DB6      DB6       5E         0
                text29                              CDE      CDE       46         0
                text28                              B67      B67       35         0
                text27                              C58      C58       42         0
                text26                                4        4       67         0
                text25                              2C6      2C6      1D3         0
                text24                              AE2      AE2       27         0
                text23                              499      499      345         0
                text22                              ED0      ED0       78         0
                text21                              F48      F48       B8         0
                text20                              BD6      BD6       41         0
                text19                              C17      C17       41         0
                text18                              9CD      9CD        A         0
                text17                              9D7      9D7        A         0
                text16                              A19      A19        E         0
                text15                              B09      B09       2F         0
                text14                              B38      B38       2F         0
                text13                              9EB      9EB        B         0
                text12                              9F6      9F6        B         0
                text11                              A01      A01        B         0
                text10                              9E1      9E1        A         0
                text9                               D24      D24       49         0
                text8                               D6D      D6D       49         0
                text7                               E14      E14       5E         0
                text6                               E72      E72       5E         0
                text5                               A7A      A7A       1F         0
                text4                               A48      A48       18         0
                text3                               C9A      C9A       44         0
                text2                               B9C      B9C       3A         0
                text1                                6B       6B       DA         0
                maintext                            145      145      181         0
                clrtext                             9BC      9BC        8         0
                inittext                            A35      A35       13         0
                idataBANK1                          A27      A27        E         0

        CLASS   STRCODE        

        CLASS   STRING         
                strings                             800      800       25         0

        CLASS   CONST          

        CLASS   ENTRY          

        CLASS   COMMON         
                cstackCOMMON                         70       70        E         1

        CLASS   BANK0          
                cstackBANK0                          20       20       40         1
                bssBANK0                             60       60        D         1

        CLASS   BANK1          
                cstackBANK1                          A0       A0       1A         1
                dataBANK1                            CE       CE        E         1
                bssBANK1                             BA       BA       14         1

        CLASS   BANK2          

        CLASS   BANK3          

        CLASS   RAM            

        CLASS   ABS1           
                abs_s1                               7E       7E        2         1

        CLASS   SFR0           

        CLASS   SFR1           

        CLASS   SFR2           

        CLASS   SFR3           

        CLASS   CONFIG         
                config                             2007     2007        2         4

        CLASS   IDLOC          
                idloc                              2000     2000        4         5

        CLASS   EEDATA         

        CLASS   STACK          



SEGMENTS        Name                           Load    Length   Top    Selector   Space  Class     Delta

                reset_vec                      000000  000003  000003         0       0  CODE        2
                text26                         000004  000067  00006B         8       0  CODE        2
                cstackBANK0                    000020  00004D  00006D        20       1  BANK0       1
                cstackCOMMON                   000070  00000E  00007E        70       1  COMMON      1
                cstackBANK1                    0000A0  00003C  0000DC        A0       1  BANK1       1
                text1                          00006B  0000DA  000145        D6       0  CODE        2
                maintext                       000145  000181  0002C6       28A       0  CODE        2
                text25                         0002C6  0001D3  000499       58C       0  CODE        2
                text23                         000499  000345  0007DE       932       0  CODE        2
                cinit                          0007DE  000022  000800       FBC       0  CODE        2
                strings                        000800  000025  000825      1000       0  STRING      2
                clrtext                        0009BC  000008  0009C4      1378       0  CODE        2
                text35                         0009C4  000009  0009CD      1388       0  CODE        2
                text18                         0009CD  00000A  0009D7      139A       0  CODE        2
                text17                         0009D7  00000A  0009E1      13AE       0  CODE        2
                text10                         0009E1  00000A  0009EB      13C2       0  CODE        2
                text13                         0009EB  00000B  0009F6      13D6       0  CODE        2
                text12                         0009F6  00000B  000A01      13EC       0  CODE        2
                text11                         000A01  00000B  000A0C      1402       0  CODE        2
                text31                         000A0C  00000D  000A19      1418       0  CODE        2
                text16                         000A19  00000E  000A27      1432       0  CODE        2
                idataBANK1                     000A27  00000E  000A35      144E       0  CODE        2
                inittext                       000A35  000013  000A48      146A       0  CODE        2
                text4                          000A48  000018  000A60      1490       0  CODE        2
                text32                         000A60  00001A  000A7A      14C0       0  CODE        2
                text5                          000A7A  00001F  000A99      14F4       0  CODE        2
                text33                         000A99  000022  000ABB      1532       0  CODE        2
                text34                         000ABB  000027  000AE2      1576       0  CODE        2
                text24                         000AE2  000027  000B09      15C4       0  CODE        2
                text15                         000B09  00002F  000B38      1612       0  CODE        2
                text14                         000B38  00002F  000B67      1670       0  CODE        2
                text28                         000B67  000035  000B9C      16CE       0  CODE        2
                text2                          000B9C  00003A  000BD6      1738       0  CODE        2
                text20                         000BD6  000041  000C17      17AC       0  CODE        2
                text19                         000C17  000041  000C58      182E       0  CODE        2
                text27                         000C58  000042  000C9A      18B0       0  CODE        2
                text3                          000C9A  000044  000CDE      1934       0  CODE        2
                text29                         000CDE  000046  000D24      19BC       0  CODE        2
                text9                          000D24  000049  000D6D      1A48       0  CODE        2
                text8                          000D6D  000049  000DB6      1ADA       0  CODE        2
                text30                         000DB6  00005E  000E14      1B6C       0  CODE        2
                text7                          000E14  00005E  000E72      1C28       0  CODE        2
                text6                          000E72  00005E  000ED0      1CE4       0  CODE        2
                text22                         000ED0  000078  000F48      1DA0       0  CODE        2
                text21                         000F48  0000B8  001000      1E90       0  CODE        2


UNUSED ADDRESS RANGES

        Name                Unused          Largest block    Delta
        BANK0            006D-006F              3           1
        BANK1            00DC-00EF             14           1
        BANK2            0110-016F             60           1
        BANK3            0190-01EF             60           1
        CODE             0003-0003              1           2
                         0825-09BB            197
                         1000-1FFF            800
        CONST            0003-0003              1           2
                         0825-09BB             DB
                         1000-1FFF            100
        EEDATA           2100-21FF            100           2
        ENTRY            0003-0003              1           2
                         0825-09BB             DB
                         1000-1FFF            100
        RAM              006D-006F              3           1
                         00DC-00EF             14
                         0110-016F             60
                         0190-01EF             60
        SFR0             0000-001F             20           1
        SFR1             0080-009F             20           1
        SFR2             0100-010F             10           1
        SFR3             0180-018F             10           1
        STRCODE          0003-0003              1           2
                         0825-09BB            197
                         1000-1FFF           1000
        STRING           0003-0003              1           2
                         0825-09BB             DB
                         1000-1FFF            100

                                  Symbol Table

?_ADC_Read                cstackCOMMON 0070
?__Umul8_16               cstackCOMMON 0070
?___awdiv                 cstackCOMMON 0070
?___fldiv                 cstackBANK0  003A
?___flmul                 cstackBANK0  0020
?___fltol                 cstackBANK0  0054
?___lwdiv                 cstackCOMMON 0070
?___lwmod                 cstackCOMMON 0078
?___xxtofl                cstackCOMMON 0070
?_sprintf                 cstackBANK0  0020
ADC_Init@p_ang            cstackCOMMON 0070
ADC_Read@ch               cstackCOMMON 0074
I2C_Init_Master@sp_i2c    cstackCOMMON 0070
I2C_Write@data            cstackCOMMON 0070
Lcd_Cmd@a                 cstackCOMMON 0073
Lcd_Port@a                cstackCOMMON 0070
Lcd_Set_Cursor@a          cstackCOMMON 0076
Lcd_Set_Cursor@b          cstackCOMMON 0074
Lcd_Set_Cursor@temp       cstackCOMMON 0079
Lcd_Set_Cursor@y          cstackCOMMON 0078
Lcd_Set_Cursor@z          cstackCOMMON 0077
Lcd_Write_Char@a          cstackCOMMON 0074
Lcd_Write_Char@temp       cstackCOMMON 0072
Lcd_Write_Char@y          cstackCOMMON 0073
Lcd_Write_String@a        cstackCOMMON 0075
Lcd_Write_String@i        cstackCOMMON 007A
_ADCON0                   (abs)        001F
_ADCON0bits               (abs)        001F
_ADCON1                   (abs)        009F
_ADC_Init                 text35       09C4
_ADC_Read                 text34       0ABB
_ADRESH                   (abs)        001E
_ANSEL                    (abs)        0188
_ANSELH                   (abs)        0189
_Fecha                    dataBANK1    00CE
_Hora                     dataBANK1    00D5
_I2C_Ack                  text13       09EB
_I2C_Init_Master          text5        0A7A
_I2C_Nack                 text12       09F6
_I2C_Read                 text11       0A01
_I2C_Restart              text10       09E1
_I2C_Start                text18       09CD
_I2C_Stop                 text17       09D7
_I2C_Write                text16       0A19
_Lcd_Clear                text31       0A0C
_Lcd_Cmd                  text32       0A60
_Lcd_Init                 text30       0DB6
_Lcd_Port                 text33       0A99
_Lcd_Set_Cursor           text29       0CDE
_Lcd_Write_Char           text28       0B67
_Lcd_Write_String         text27       0C58
_OSCCONbits               (abs)        008F
_PIR1bits                 (abs)        000C
_PORTA                    (abs)        0005
_PORTAbits                (abs)        0005
_SSPADD                   (abs)        0093
_SSPBUF                   (abs)        0013
_SSPCON                   (abs)        0014
_SSPCON2                  (abs)        0091
_SSPCON2bits              (abs)        0091
_SSPSTAT                  (abs)        0094
_TRISA                    (abs)        0085
_TRISCbits                (abs)        0087
__Habs1                   abs1         0000
__Hbank0                  bank0        0000
__Hbank1                  bank1        0000
__Hbank2                  bank2        0000
__Hbank3                  bank3        0000
__HbssBANK0               bssBANK0     0000
__HbssBANK1               bssBANK1     0000
__Hcinit                  cinit        0800
__Hclrtext                clrtext      0000
__Hcode                   code         0000
__Hcommon                 common       0000
__Hconfig                 config       2009
__HcstackBANK0            cstackBANK0  0000
__HcstackBANK1            cstackBANK1  0000
__HcstackCOMMON           cstackCOMMON 0000
__HdataBANK1              dataBANK1    0000
__Heeprom_data            eeprom_data  0000
__Hend_init               end_init     0003
__Hfunctab                functab      0000
__HidataBANK1             idataBANK1   0000
__Hidloc                  idloc        2004
__Hinit                   init         0000
__Hinittext               inittext     0000
__Hintentry               intentry     0000
__Hmaintext               maintext     0000
__Hpowerup                powerup      0000
__Hram                    ram          0000
__Hreset_vec              reset_vec    0000
__Hsfr0                   sfr0         0000
__Hsfr1                   sfr1         0000
__Hsfr2                   sfr2         0000
__Hsfr3                   sfr3         0000
__Hspace_0                (abs)        1000
__Hspace_1                (abs)        00DC
__Hspace_2                (abs)        0000
__Hspace_3                (abs)        0000
__Hspace_4                (abs)        4010
__Hstack                  stack        0000
__Hstrings                strings      0000
__Htext                   text         0000
__Labs1                   abs1         0000
__Lbank0                  bank0        0000
__Lbank1                  bank1        0000
__Lbank2                  bank2        0000
__Lbank3                  bank3        0000
__LbssBANK0               bssBANK0     0000
__LbssBANK1               bssBANK1     0000
__Lcinit                  cinit        07DE
__Lclrtext                clrtext      0000
__Lcode                   code         0000
__Lcommon                 common       0000
__Lconfig                 config       0000
__LcstackBANK0            cstackBANK0  0000
__LcstackBANK1            cstackBANK1  0000
__LcstackCOMMON           cstackCOMMON 0000
__LdataBANK1              dataBANK1    0000
__Leeprom_data            eeprom_data  0000
__Lend_init               end_init     0000
__Lfunctab                functab      0000
__LidataBANK1             idataBANK1   0000
__Lidloc                  idloc        0000
__Linit                   init         0000
__Linittext               inittext     0000
__Lintentry               intentry     0000
__Lmaintext               maintext     0000
__Lpowerup                powerup      0000
__Lram                    ram          0000
__Lreset_vec              reset_vec    0000
__Lsfr0                   sfr0         0000
__Lsfr1                   sfr1         0000
__Lsfr2                   sfr2         0000
__Lsfr3                   sfr3         0000
__Lspace_0                (abs)        0000
__Lspace_1                (abs)        0000
__Lspace_2                (abs)        0000
__Lspace_3                (abs)        0000
__Lspace_4                (abs)        0000
__Lstack                  stack        0000
__Lstrings                strings      0000
__Ltext                   text         0000
__S0                      (abs)        1000
__S1                      (abs)        00DC
__S3                      (abs)        0000
__Umul8_16                text24       0AE2
__Umul8_16@multiplicand   cstackCOMMON 0070
__Umul8_16@multiplier     cstackCOMMON 0078
__Umul8_16@product        cstackCOMMON 0074
__Umul8_16@word_mpld      cstackCOMMON 0076
___awdiv                  text26       0004
___awdiv@counter          cstackCOMMON 0075
___awdiv@dividend         cstackCOMMON 0072
___awdiv@divisor          cstackCOMMON 0070
___awdiv@quotient         cstackCOMMON 0077
___awdiv@sign             cstackCOMMON 0076
___fldiv                  text25       02C6
___fldiv@a                cstackBANK0  003A
___fldiv@aexp             cstackBANK0  0053
___fldiv@b                cstackBANK0  003E
___fldiv@bexp             cstackBANK0  0052
___fldiv@grs              cstackBANK0  004E
___fldiv@new_exp          cstackBANK0  004C
___fldiv@rem              cstackBANK0  0047
___fldiv@sign             cstackBANK0  004B
___flmul                  text23       0499
___flmul@a                cstackBANK0  0024
___flmul@aexp             cstackBANK0  0032
___flmul@b                cstackBANK0  0020
___flmul@bexp             cstackBANK0  0033
___flmul@grs              cstackBANK0  002E
___flmul@prod             cstackBANK0  0034
___flmul@sign             cstackBANK0  002D
___flmul@temp             cstackBANK0  0038
___fltol                  text22       0ED0
___fltol@exp1             cstackBANK0  005D
___fltol@f1               cstackBANK0  0054
___fltol@sign1            cstackBANK0  005C
___int_sp                 stack        0000
___latbits                (abs)        0002
___lwdiv                  text3        0C9A
___lwdiv@counter          cstackCOMMON 0077
___lwdiv@dividend         cstackCOMMON 0072
___lwdiv@divisor          cstackCOMMON 0070
___lwdiv@quotient         cstackCOMMON 0075
___lwmod                  text2        0B9C
___lwmod@counter          cstackCOMMON 007D
___lwmod@dividend         cstackCOMMON 007A
___lwmod@divisor          cstackCOMMON 0078
___sp                     stack        0000
___stackhi                (abs)        0000
___stacklo                (abs)        0000
___xxtofl                 text21       0F48
___xxtofl@arg             cstackCOMMON 007A
___xxtofl@exp             cstackCOMMON 0079
___xxtofl@sign            cstackCOMMON 0078
___xxtofl@val             cstackCOMMON 0070
__end_of_ADC_Init         text35       09CD
__end_of_ADC_Read         text34       0AE2
__end_of_I2C_Ack          text13       09F6
__end_of_I2C_Init_Master  text5        0A99
__end_of_I2C_Nack         text12       0A01
__end_of_I2C_Read         text11       0A0C
__end_of_I2C_Restart      text10       09EB
__end_of_I2C_Start        text18       09D7
__end_of_I2C_Stop         text17       09E1
__end_of_I2C_Write        text16       0A27
__end_of_Lcd_Clear        text31       0A19
__end_of_Lcd_Cmd          text32       0A7A
__end_of_Lcd_Init         text30       0E14
__end_of_Lcd_Port         text33       0ABB
__end_of_Lcd_Set_Cursor   text29       0D24
__end_of_Lcd_Write_Char   text28       0B9C
__end_of_Lcd_Write_String text27       0C9A
__end_of__Umul8_16        text24       0B09
__end_of___awdiv          text26       006B
__end_of___fldiv          text25       0499
__end_of___flmul          text23       07DE
__end_of___fltol          text22       0F48
__end_of___lwdiv          text3        0CDE
__end_of___lwmod          text2        0BD6
__end_of___xxtofl         text21       1000
__end_of__initialization  cinit        07FC
__end_of__stringtab       strings      0810
__end_of_convertirFecha   text20       0C17
__end_of_convertirHora    text19       0C58
__end_of_dpowers          strings      081A
__end_of_enviar_fecha     text15       0B38
__end_of_enviar_hora      text14       0B67
__end_of_leer_fecha       text9        0D6D
__end_of_leer_hora        text8        0DB6
__end_of_main             maintext     02C6
__end_of_mostrar_fecha    text7        0E72
__end_of_mostrar_hora     text6        0ED0
__end_of_setup            text4        0A60
__end_of_sprintf          text1        0145
__initialization          cinit        07DE
__pbssBANK0               bssBANK0     0060
__pbssBANK1               bssBANK1     00BA
__pcstackBANK0            cstackBANK0  0020
__pcstackBANK1            cstackBANK1  00A0
__pcstackCOMMON           cstackCOMMON 0070
__pdataBANK1              dataBANK1    00CE
__pidataBANK1             idataBANK1   0A27
__pmaintext               maintext     0145
__pstrings                strings      0800
__ptext1                  text1        006B
__ptext10                 text10       09E1
__ptext11                 text11       0A01
__ptext12                 text12       09F6
__ptext13                 text13       09EB
__ptext14                 text14       0B38
__ptext15                 text15       0B09
__ptext16                 text16       0A19
__ptext17                 text17       09D7
__ptext18                 text18       09CD
__ptext19                 text19       0C17
__ptext2                  text2        0B9C
__ptext20                 text20       0BD6
__ptext21                 text21       0F48
__ptext22                 text22       0ED0
__ptext23                 text23       0499
__ptext24                 text24       0AE2
__ptext25                 text25       02C6
__ptext26                 text26       0004
__ptext27                 text27       0C58
__ptext28                 text28       0B67
__ptext29                 text29       0CDE
__ptext3                  text3        0C9A
__ptext30                 text30       0DB6
__ptext31                 text31       0A0C
__ptext32                 text32       0A60
__ptext33                 text33       0A99
__ptext34                 text34       0ABB
__ptext35                 text35       09C4
__ptext4                  text4        0A48
__ptext5                  text5        0A7A
__ptext6                  text6        0E72
__ptext7                  text7        0E14
__ptext8                  text8        0D6D
__ptext9                  text9        0D24
__stringbase              strings      080F
__stringtab               strings      0800
_anio                     bssBANK0     0066
_convertirFecha           text20       0BD6
_convertirHora            text19       0C17
_dia                      bssBANK0     0068
_dpowers                  strings      0810
_enviar_fecha             text15       0B09
_enviar_hora              text14       0B38
_hora                     bssBANK0     0069
_leer_fecha               text9        0D24
_leer_hora                text8        0D6D
_main                     maintext     0145
_mes                      bssBANK0     0067
_min                      bssBANK0     006A
_mostrar_fecha            text7        0E14
_mostrar_hora             text6        0E72
_sec                      bssBANK0     006B
_setup                    text4        0A48
_sprintf                  text1        006B
btemp                     (abs)        007E
clear_ram0                clrtext      09BC
convertirFecha@i          cstackCOMMON 0071
convertirHora@i           cstackCOMMON 0071
end_of_initialization     cinit        07FC
init_fetch0               inittext     0A35
init_ram0                 inittext     0A39
intlevel0                 functab      0000
intlevel1                 functab      0000
intlevel2                 functab      0000
intlevel3                 functab      0000
intlevel4                 functab      0000
intlevel5                 functab      0000
main@adc_value            cstackBANK1  00B8
main@co_concentration     cstackBANK1  00B4
main@co_string            cstackBANK1  00A0
main@co_voltage           cstackBANK1  00B0
main@i                    cstackBANK1  00B6
reset_vec                 reset_vec    0000
sprintf@ap                cstackBANK0  0026
sprintf@c                 cstackBANK0  002C
sprintf@f                 cstackBANK0  0020
sprintf@flag              cstackBANK0  0027
sprintf@prec              cstackBANK0  0028
sprintf@sp                cstackBANK0  002B
sprintf@val               cstackBANK0  0029
start                     init         0000
start_initialization      cinit        07DE
wtemp0                    (abs)        007E


MODULE INFORMATION

Module		Function		Class		Link	Load	Size
C:\Program Files\Microchip\xc8\v2.40\pic\sources\c90\common\fltol.c
		___fltol       		CODE           	0ED0	0000	120

C:\Program Files\Microchip\xc8\v2.40\pic\sources\c90\common\fltol.c estimated size: 120

C:\Program Files\Microchip\xc8\v2.40\pic\sources\c90\common\awdiv.c
		___awdiv       		CODE           	0004	0000	103

C:\Program Files\Microchip\xc8\v2.40\pic\sources\c90\common\awdiv.c estimated size: 103

C:\Program Files\Microchip\xc8\v2.40\pic\sources\c90\common\sprcmul.c
		___flmul       		CODE           	0499	0000	837

C:\Program Files\Microchip\xc8\v2.40\pic\sources\c90\common\sprcmul.c estimated size: 837

I2C.c
		_I2C_Init_Master		CODE           	0A7A	0000	31
		_I2C_Write     		CODE           	0A19	0000	14
		_I2C_Stop      		CODE           	09D7	0000	10
		_I2C_Read      		CODE           	0A01	0000	11
		_I2C_Ack       		CODE           	09EB	0000	11
		_I2C_Nack      		CODE           	09F6	0000	11
		_I2C_Start     		CODE           	09CD	0000	10
		_I2C_Restart   		CODE           	09E1	0000	10

I2C.c estimated size: 108

C:\Program Files\Microchip\xc8\v2.40\pic\sources\c90\common\sprcdiv.c
		___fldiv       		CODE           	02C6	0000	467

C:\Program Files\Microchip\xc8\v2.40\pic\sources\c90\common\sprcdiv.c estimated size: 467

C:\Program Files\Microchip\xc8\v2.40\pic\sources\c90\common\Umul8_16.c
		__Umul8_16     		CODE           	0AE2	0000	39

C:\Program Files\Microchip\xc8\v2.40\pic\sources\c90\common\Umul8_16.c estimated size: 39

C:\Program Files\Microchip\xc8\v2.40\pic\sources\c90\common\doprnt.c
		_sprintf       		CODE           	006B	0000	218

C:\Program Files\Microchip\xc8\v2.40\pic\sources\c90\common\doprnt.c estimated size: 218

C:\Program Files\Microchip\xc8\v2.40\pic\sources\c90\common\lwmod.c
		___lwmod       		CODE           	0B9C	0000	58

C:\Program Files\Microchip\xc8\v2.40\pic\sources\c90\common\lwmod.c estimated size: 58

shared
		__stringtab    		STRING         	0800	0000	16
		_dpowers       		STRING         	0810	0000	10
		__initialization		CODE           	07DE	0000	30

shared estimated size: 56

master.c
		_mostrar_hora  		CODE           	0E72	0000	94
		_leer_hora     		CODE           	0D6D	0000	73
		_convertirFecha		CODE           	0BD6	0000	65
		_mostrar_fecha 		CODE           	0E14	0000	94
		_main          		CODE           	0145	0000	385
		_leer_fecha    		CODE           	0D24	0000	73
		_setup         		CODE           	0A48	0000	24
		_enviar_hora   		CODE           	0B38	0000	47
		_convertirHora 		CODE           	0C17	0000	65
		_enviar_fecha  		CODE           	0B09	0000	47

master.c estimated size: 967

ADC.c
		_ADC_Read      		CODE           	0ABB	0000	39
		_ADC_Init      		CODE           	09C4	0000	9

ADC.c estimated size: 48

C:\Program Files\Microchip\xc8\v2.40\pic\sources\c90\common\lwdiv.c
		___lwdiv       		CODE           	0C9A	0000	68

C:\Program Files\Microchip\xc8\v2.40\pic\sources\c90\common\lwdiv.c estimated size: 68

C:\Program Files\Microchip\xc8\v2.40\pic\sources\c90\common\xxtofl.c
		___xxtofl      		CODE           	0F48	0000	184

C:\Program Files\Microchip\xc8\v2.40\pic\sources\c90\common\xxtofl.c estimated size: 184

LCD.c
		_Lcd_Write_String		CODE           	0C58	0000	66
		_Lcd_Init      		CODE           	0DB6	0000	94
		_Lcd_Write_Char		CODE           	0B67	0000	53
		_Lcd_Cmd       		CODE           	0A60	0000	26
		_Lcd_Set_Cursor		CODE           	0CDE	0000	70
		_Lcd_Clear     		CODE           	0A0C	0000	13
		_Lcd_Port      		CODE           	0A99	0000	34

LCD.c estimated size: 356

