Microchip MPLAB XC8 Compiler V2.40

Linker command line:

-W-3 \
  --edf=C:\Program Files\Microchip\xc8\v2.40\pic\dat\20220703182018_en.msgs \
  -cn -h+dist/default/production\pic_maestro.X.production.sym \
  --cmf=dist/default/production\pic_maestro.X.production.cmf -z -Q16F887 \
  -oC:\Users\miche\AppData\Local\Temp\xcAsheg.4 --defsym=__MPLAB_BUILD=1 \
  --fixupoverflow=error \
  -Mdist/default/production/pic_maestro.X.production.map \
  --md=C:\Users\miche\AppData\Local\Temp\xcAsheg.dat -E1 -ver=XC8 Compiler \
  --acfsm=1493 -ACODE=00h-07FFhx4 -ASTRCODE=00h-01FFFh -ASTRING=00h-0FFhx32 \
  -ACONST=00h-0FFhx32 -AENTRY=00h-0FFhx32 -ACOMMON=070h-07Fh \
  -ABANK0=020h-06Fh -ABANK1=0A0h-0EFh -ABANK2=0110h-016Fh \
  -ABANK3=0190h-01EFh -ARAM=020h-06Fh,0A0h-0EFh,0110h-016Fh,0190h-01EFh \
  -AABS1=020h-07Fh,0A0h-0EFh,0110h-016Fh,0190h-01EFh -ASFR0=00h-01Fh \
  -ASFR1=080h-09Fh -ASFR2=0100h-010Fh -ASFR3=0180h-018Fh \
  -ACONFIG=02007h-02008h -DCONFIG=2 -AIDLOC=02000h-02003h -DIDLOC=2 \
  -AEEDATA=00h-0FFh/02100h -peeprom_data=EEDATA -DEEDATA=2 -DCODE=2 \
  -DSTRCODE=2 -DSTRING=2 -DCONST=2 -DENTRY=2 \
  -preset_vec=00h,intentry,init,end_init -ppowerup=CODE -pcinit=CODE \
  -pfunctab=ENTRY -k C:\Users\miche\AppData\Local\Temp\xcAsheg.o \
  dist/default/production\pic_maestro.X.production.o 

Object code version is 3.11

Machine type is 16F887



                Name                               Link     Load   Length Selector   Space Scale
C:\Users\miche\AppData\Local\Temp\xcAsheg.o
                end_init                              0        0        3        0       0
                config                             2007     2007        2        0       4
                idloc                              2000     2000        4        0       5
dist/default/production\pic_maestro.X.production.o
                cinit                               7D9      7D9       27      FB2       0
                config                             2007     2007        2        0       4
                idloc                              2000     2000        4        0       5
                text27                              114      114        9      228       0
                text26                              1B9      1B9       27      372       0
                text25                              197      197       22      32E       0
                text24                              17D      17D       1A      2FA       0
                text23                              359      359       46      6B2       0
                text22                              142      142        D      284       0
                text21                              1E0      1E0       2E      3C0       0
                text20                              11D      11D        9      23A       0
                text19                              126      126        9      24C       0
                text18                              12F      12F        9      25E       0
                text17                              138      138        A      270       0
                text16                              4C7      4C7       4F      98E       0
                text15                              479      479       4E      8F2       0
                text14                              240      240       35      480       0
                text13                              516      516       5E      A2C       0
                text12                              574      574       5E      AE8       0
                text11                              20E      20E       32      41C       0
                text10                              696      696       98      D2C       0
                text9                               14F      14F        D      29E       0
                text8                               275      275       37      4EA       0
                text7                               2AC      2AC       37      558       0
                text6                               3E5      3E5       47      7CA       0
                text5                               39F      39F       46      73E       0
                text4                               630      630       66      C60       0
                text3                               2E3      2E3       38      5C6       0
                text2                               5D2      5D2       5E      BA4       0
                text1                               31B      31B       3E      636       0
                maintext                            72E      72E       AB      E5C       0
                cstackBANK0                          52       52        B       20       1
                cstackCOMMON                         70       70        E       70       1
                clrtext                             10C      10C        8      218       0
                inittext                            16A      16A       13      2D4       0
                dataBANK1                            A0       A0       4D       A0       1
                dataBANK0                            44       44        E       20       1
                bssBANK0                             20       20       24       20       1
                strings                               3        3        9        6       0
                idataBANK1                          42C      42C       4D      858       0
                idataBANK0                          15C      15C        E      2B8       0

TOTAL           Name                               Link     Load   Length     Space
        CLASS   CODE           
                end_init                              0        0        3         0
                cinit                               7D9      7D9       27         0
                text27                              114      114        9         0
                text26                              1B9      1B9       27         0
                text25                              197      197       22         0
                text24                              17D      17D       1A         0
                text23                              359      359       46         0
                text22                              142      142        D         0
                text21                              1E0      1E0       2E         0
                text20                              11D      11D        9         0
                text19                              126      126        9         0
                text18                              12F      12F        9         0
                text17                              138      138        A         0
                text16                              4C7      4C7       4F         0
                text15                              479      479       4E         0
                text14                              240      240       35         0
                text13                              516      516       5E         0
                text12                              574      574       5E         0
                text11                              20E      20E       32         0
                text10                              696      696       98         0
                text9                               14F      14F        D         0
                text8                               275      275       37         0
                text7                               2AC      2AC       37         0
                text6                               3E5      3E5       47         0
                text5                               39F      39F       46         0
                text4                               630      630       66         0
                text3                               2E3      2E3       38         0
                text2                               5D2      5D2       5E         0
                text1                               31B      31B       3E         0
                maintext                            72E      72E       AB         0
                clrtext                             10C      10C        8         0
                inittext                            16A      16A       13         0
                idataBANK1                          42C      42C       4D         0
                idataBANK0                          15C      15C        E         0

        CLASS   STRCODE        

        CLASS   STRING         
                strings                               3        3        9         0

        CLASS   CONST          

        CLASS   ENTRY          

        CLASS   COMMON         
                cstackCOMMON                         70       70        E         1

        CLASS   BANK0          
                cstackBANK0                          52       52        B         1
                dataBANK0                            44       44        E         1
                bssBANK0                             20       20       24         1

        CLASS   BANK1          
                dataBANK1                            A0       A0       4D         1

        CLASS   BANK2          

        CLASS   BANK3          

        CLASS   RAM            

        CLASS   ABS1           
                abs_s1                               7E       7E        2         1

        CLASS   SFR0           

        CLASS   SFR1           

        CLASS   SFR2           

        CLASS   SFR3           

        CLASS   CONFIG         
                config                             2007     2007        2         4

        CLASS   IDLOC          
                idloc                              2000     2000        4         5

        CLASS   EEDATA         

        CLASS   STACK          



SEGMENTS        Name                           Load    Length   Top    Selector   Space  Class     Delta

                reset_vec                      000000  000003  000003         0       0  CODE        2
                strings                        000003  000009  00000C         6       0  STRING      2
                bssBANK0                       000020  00003D  00005D        20       1  BANK0       1
                cstackCOMMON                   000070  00000E  00007E        70       1  COMMON      1
                dataBANK1                      0000A0  00004D  0000ED        A0       1  BANK1       1
                clrtext                        00010C  000008  000114       218       0  CODE        2
                text27                         000114  000009  00011D       228       0  CODE        2
                text20                         00011D  000009  000126       23A       0  CODE        2
                text19                         000126  000009  00012F       24C       0  CODE        2
                text18                         00012F  000009  000138       25E       0  CODE        2
                text17                         000138  00000A  000142       270       0  CODE        2
                text22                         000142  00000D  00014F       284       0  CODE        2
                text9                          00014F  00000D  00015C       29E       0  CODE        2
                idataBANK0                     00015C  00000E  00016A       2B8       0  CODE        2
                inittext                       00016A  000013  00017D       2D4       0  CODE        2
                text24                         00017D  00001A  000197       2FA       0  CODE        2
                text25                         000197  000022  0001B9       32E       0  CODE        2
                text26                         0001B9  000027  0001E0       372       0  CODE        2
                text21                         0001E0  00002E  00020E       3C0       0  CODE        2
                text11                         00020E  000032  000240       41C       0  CODE        2
                text14                         000240  000035  000275       480       0  CODE        2
                text8                          000275  000037  0002AC       4EA       0  CODE        2
                text7                          0002AC  000037  0002E3       558       0  CODE        2
                text3                          0002E3  000038  00031B       5C6       0  CODE        2
                text1                          00031B  00003E  000359       636       0  CODE        2
                text23                         000359  000046  00039F       6B2       0  CODE        2
                text5                          00039F  000046  0003E5       73E       0  CODE        2
                text6                          0003E5  000047  00042C       7CA       0  CODE        2
                idataBANK1                     00042C  00004D  000479       858       0  CODE        2
                text15                         000479  00004E  0004C7       8F2       0  CODE        2
                text16                         0004C7  00004F  000516       98E       0  CODE        2
                text13                         000516  00005E  000574       A2C       0  CODE        2
                text12                         000574  00005E  0005D2       AE8       0  CODE        2
                text2                          0005D2  00005E  000630       BA4       0  CODE        2
                text4                          000630  000066  000696       C60       0  CODE        2
                text10                         000696  000098  00072E       D2C       0  CODE        2
                maintext                       00072E  0000AB  0007D9       E5C       0  CODE        2
                cinit                          0007D9  000027  000800       FB2       0  CODE        2


UNUSED ADDRESS RANGES

        Name                Unused          Largest block    Delta
        BANK0            005D-006F             13           1
        BANK1            00ED-00EF              3           1
        BANK2            0110-016F             60           1
        BANK3            0190-01EF             60           1
        CODE             000C-010B            100           2
                         0800-1FFF            800
        CONST            000C-010B             F4           2
                         0800-1FFF            100
        EEDATA           2100-21FF            100           2
        ENTRY            000C-010B             F4           2
                         0800-1FFF            100
        RAM              005D-006F             13           1
                         00ED-00EF              3
                         0110-016F             60
                         0190-01EF             60
        SFR0             0000-001F             20           1
        SFR1             0080-009F             20           1
        SFR2             0100-010F             10           1
        SFR3             0180-018F             10           1
        STRCODE          000C-010B            100           2
                         0800-1FFF           1800
        STRING           000C-010B             F4           2
                         0800-1FFF            100

                                  Symbol Table

?_ADC_Read                        cstackCOMMON 0070
?_I2C_Master_Read                 cstackCOMMON 0070
?___lldiv                         cstackCOMMON 0070
ADC_Init@p_ang                    cstackCOMMON 0070
ADC_Read@ch                       cstackCOMMON 0074
DHT11_Read@data                   cstackBANK0  0053
DHT11_Read@humidity               cstackBANK0  0052
DHT11_Read@i                      cstackBANK0  0058
DHT11_Read@j                      cstackBANK0  0059
DHT11_Read@temperature            cstackCOMMON 0070
I2C_Master_Init@c                 cstackBANK0  0052
I2C_Master_Read@a                 cstackCOMMON 0070
I2C_Master_Read@temp              cstackCOMMON 0074
I2C_Master_Write@d                cstackCOMMON 0070
Lcd_Cmd@a                         cstackCOMMON 0073
Lcd_Port@a                        cstackCOMMON 0070
Lcd_Set_Cursor@a                  cstackCOMMON 0076
Lcd_Set_Cursor@b                  cstackCOMMON 0074
Lcd_Set_Cursor@temp               cstackCOMMON 0079
Lcd_Set_Cursor@y                  cstackCOMMON 0078
Lcd_Set_Cursor@z                  cstackCOMMON 0077
Lcd_Write_Char@a                  cstackCOMMON 0074
Lcd_Write_Char@temp               cstackCOMMON 0072
Lcd_Write_Char@y                  cstackCOMMON 0073
_ADCON0                           (abs)        001F
_ADCON0bits                       (abs)        001F
_ADCON1                           (abs)        009F
_ADC_Init                         text27       0114
_ADC_Read                         text26       01B9
_ADRESH                           (abs)        001E
_ANSELHbits                       (abs)        0189
_ANSELbits                        (abs)        0188
_CLCK                             text11       020E
_DHT11_Read                       text10       0696
_Fecha                            dataBANK0    0044
_GIE                              (abs)        005F
_Hora                             dataBANK0    004B
_I2C_Master_Init                  text3        02E3
_I2C_Master_Read                  text21       01E0
_I2C_Master_RepeatedStart         text20       011D
_I2C_Master_Start                 text19       0126
_I2C_Master_Stop                  text18       012F
_I2C_Master_Wait                  text22       0142
_I2C_Master_Write                 text17       0138
_INTCONbits                       (abs)        000B
_Lcd_Clear                        text9        014F
_Lcd_Cmd                          text24       017D
_Lcd_Init                         text2        05D2
_Lcd_Port                         text25       0197
_Lcd_Set_Cursor                   text23       0359
_Lcd_Write_Char                   text14       0240
_OPTION_REGbits                   (abs)        0081
_OSCCONbits                       (abs)        008F
_PEIE                             (abs)        005E
_PORTA                            (abs)        0005
_PORTAbits                        (abs)        0005
_PORTB                            (abs)        0006
_PORTBbits                        (abs)        0006
_RC0                              (abs)        0038
_SSPADD                           (abs)        0093
_SSPBUF                           (abs)        0013
_SSPCON                           (abs)        0014
_SSPCON2                          (abs)        0091
_SSPCON2bits                      (abs)        0091
_SSPIE                            (abs)        0463
_SSPIF                            (abs)        0063
_SSPSTAT                          (abs)        0094
_TRISA                            (abs)        0085
_TRISBbits                        (abs)        0086
_TRISC0                           (abs)        0438
_TRISC3                           (abs)        043B
_TRISC4                           (abs)        043C
_TRISCbits                        (abs)        0087
_WPUBbits                         (abs)        0095
__Habs1                           abs1         0000
__Hbank0                          bank0        0000
__Hbank1                          bank1        0000
__Hbank2                          bank2        0000
__Hbank3                          bank3        0000
__HbssBANK0                       bssBANK0     0000
__Hcinit                          cinit        0800
__Hclrtext                        clrtext      0000
__Hcode                           code         0000
__Hcommon                         common       0000
__Hconfig                         config       2009
__HcstackBANK0                    cstackBANK0  0000
__HcstackCOMMON                   cstackCOMMON 0000
__HdataBANK0                      dataBANK0    0000
__HdataBANK1                      dataBANK1    0000
__Heeprom_data                    eeprom_data  0000
__Hend_init                       end_init     0003
__Hfunctab                        functab      0000
__HidataBANK0                     idataBANK0   0000
__HidataBANK1                     idataBANK1   0000
__Hidloc                          idloc        2004
__Hinit                           init         0000
__Hinittext                       inittext     0000
__Hintentry                       intentry     0000
__Hmaintext                       maintext     0000
__Hpowerup                        powerup      0000
__Hram                            ram          0000
__Hreset_vec                      reset_vec    0000
__Hsfr0                           sfr0         0000
__Hsfr1                           sfr1         0000
__Hsfr2                           sfr2         0000
__Hsfr3                           sfr3         0000
__Hspace_0                        (abs)        0800
__Hspace_1                        (abs)        00ED
__Hspace_2                        (abs)        0000
__Hspace_3                        (abs)        0000
__Hspace_4                        (abs)        4010
__Hstack                          stack        0000
__Hstrings                        strings      0000
__Htext                           text         0000
__Labs1                           abs1         0000
__Lbank0                          bank0        0000
__Lbank1                          bank1        0000
__Lbank2                          bank2        0000
__Lbank3                          bank3        0000
__LbssBANK0                       bssBANK0     0000
__Lcinit                          cinit        07D9
__Lclrtext                        clrtext      0000
__Lcode                           code         0000
__Lcommon                         common       0000
__Lconfig                         config       0000
__LcstackBANK0                    cstackBANK0  0000
__LcstackCOMMON                   cstackCOMMON 0000
__LdataBANK0                      dataBANK0    0000
__LdataBANK1                      dataBANK1    0000
__Leeprom_data                    eeprom_data  0000
__Lend_init                       end_init     0000
__Lfunctab                        functab      0000
__LidataBANK0                     idataBANK0   0000
__LidataBANK1                     idataBANK1   0000
__Lidloc                          idloc        0000
__Linit                           init         0000
__Linittext                       inittext     0000
__Lintentry                       intentry     0000
__Lmaintext                       maintext     0000
__Lpowerup                        powerup      0000
__Lram                            ram          0000
__Lreset_vec                      reset_vec    0000
__Lsfr0                           sfr0         0000
__Lsfr1                           sfr1         0000
__Lsfr2                           sfr2         0000
__Lsfr3                           sfr3         0000
__Lspace_0                        (abs)        0000
__Lspace_1                        (abs)        0000
__Lspace_2                        (abs)        0000
__Lspace_3                        (abs)        0000
__Lspace_4                        (abs)        0000
__Lstack                          stack        0000
__Lstrings                        strings      0000
__Ltext                           text         0000
__S0                              (abs)        0800
__S1                              (abs)        00ED
__S3                              (abs)        0000
___int_sp                         stack        0000
___latbits                        (abs)        0002
___lldiv                          text4        0630
___lldiv@counter                  cstackCOMMON 007D
___lldiv@dividend                 cstackCOMMON 0074
___lldiv@divisor                  cstackCOMMON 0070
___lldiv@quotient                 cstackCOMMON 0079
___sp                             stack        0000
___stackhi                        (abs)        0000
___stacklo                        (abs)        0000
__end_of_ADC_Init                 text27       011D
__end_of_ADC_Read                 text26       01E0
__end_of_CLCK                     text11       0240
__end_of_DHT11_Read               text10       072E
__end_of_I2C_Master_Init          text3        031B
__end_of_I2C_Master_Read          text21       020E
__end_of_I2C_Master_RepeatedStart text20       0126
__end_of_I2C_Master_Start         text19       012F
__end_of_I2C_Master_Stop          text18       0138
__end_of_I2C_Master_Wait          text22       014F
__end_of_I2C_Master_Write         text17       0142
__end_of_Lcd_Clear                text9        015C
__end_of_Lcd_Cmd                  text24       0197
__end_of_Lcd_Init                 text2        0630
__end_of_Lcd_Port                 text25       01B9
__end_of_Lcd_Set_Cursor           text23       039F
__end_of_Lcd_Write_Char           text14       0275
__end_of___lldiv                  text4        0696
__end_of__initialization          cinit        07FC
__end_of__stringtab               strings      0009
__end_of_convertirFecha           text8        02AC
__end_of_convertirHora            text7        02E3
__end_of_enviar_fecha             text6        042C
__end_of_enviar_hora              text5        03E5
__end_of_leer_fecha               text16       0516
__end_of_leer_hora                text15       04C7
__end_of_main                     maintext     07D9
__end_of_mostrar_fecha            text13       0574
__end_of_mostrar_hora             text12       05D2
__end_of_setupINTOSC              text1        0359
__initialization                  cinit        07D9
__pbssBANK0                       bssBANK0     0020
__pcstackBANK0                    cstackBANK0  0052
__pcstackCOMMON                   cstackCOMMON 0070
__pdataBANK0                      dataBANK0    0044
__pdataBANK1                      dataBANK1    00A0
__pidataBANK0                     idataBANK0   015C
__pidataBANK1                     idataBANK1   042C
__pmaintext                       maintext     072E
__pstrings                        strings      0003
__ptext1                          text1        031B
__ptext10                         text10       0696
__ptext11                         text11       020E
__ptext12                         text12       0574
__ptext13                         text13       0516
__ptext14                         text14       0240
__ptext15                         text15       0479
__ptext16                         text16       04C7
__ptext17                         text17       0138
__ptext18                         text18       012F
__ptext19                         text19       0126
__ptext2                          text2        05D2
__ptext20                         text20       011D
__ptext21                         text21       01E0
__ptext22                         text22       0142
__ptext23                         text23       0359
__ptext24                         text24       017D
__ptext25                         text25       0197
__ptext26                         text26       01B9
__ptext27                         text27       0114
__ptext3                          text3        02E3
__ptext4                          text4        0630
__ptext5                          text5        039F
__ptext6                          text6        03E5
__ptext7                          text7        02AC
__ptext8                          text8        0275
__ptext9                          text9        014F
__stringbase                      strings      0008
__stringtab                       strings      0003
_anio                             bssBANK0     0039
_convertirFecha                   text8        0275
_convertirHora                    text7        02AC
_dia                              bssBANK0     003B
_dw                               dataBANK1    00A0
_enviar_fecha                     text6        03E5
_enviar_hora                      text5        039F
_hora                             bssBANK0     003C
_humidity                         bssBANK0     0042
_leer_fecha                       text16       04C7
_leer_hora                        text15       0479
_main                             maintext     072E
_mes                              bssBANK0     003A
_min                              bssBANK0     003D
_mostrar_fecha                    text13       0516
_mostrar_hora                     text12       0574
_sec                              bssBANK0     003E
_selector                         bssBANK0     003F
_setupINTOSC                      text1        031B
_temperature                      bssBANK0     0043
_valor_ADC1                       bssBANK0     0041
_valor_ADC2                       bssBANK0     0040
btemp                             (abs)        007E
clear_ram0                        clrtext      010C
convertirFecha@i                  cstackCOMMON 0071
convertirHora@i                   cstackCOMMON 0071
end_of_initialization             cinit        07FC
init_fetch0                       inittext     016A
init_ram0                         inittext     016E
intlevel0                         functab      0000
intlevel1                         functab      0000
intlevel2                         functab      0000
intlevel3                         functab      0000
intlevel4                         functab      0000
intlevel5                         functab      0000
reset_vec                         reset_vec    0000
start                             init         0000
start_initialization              cinit        07D9
wtemp0                            (abs)        007E


MODULE INFORMATION

Module		Function		Class		Link	Load	Size
I2C.c
		_I2C_Master_Read		CODE           	01E0	0000	46
		_I2C_Master_Wait		CODE           	0142	0000	13
		_I2C_Master_Init		CODE           	02E3	0000	56
		_I2C_Master_Stop		CODE           	012F	0000	9
		_I2C_Master_RepeatedStart		CODE           	011D	0000	9
		_I2C_Master_Write		CODE           	0138	0000	10
		_I2C_Master_Start		CODE           	0126	0000	9

I2C.c estimated size: 152

C:\Program Files\Microchip\xc8\v2.40\pic\sources\c90\common\__lldiv.c
		___lldiv       		CODE           	0630	0000	102

C:\Program Files\Microchip\xc8\v2.40\pic\sources\c90\common\__lldiv.c estimated size: 102

pic_maestro.c
		_mostrar_hora  		CODE           	0574	0000	94
		_leer_hora     		CODE           	0479	0000	78
		_convertirFecha		CODE           	0275	0000	55
		_mostrar_fecha 		CODE           	0516	0000	94
		_main          		CODE           	072E	0000	171
		_leer_fecha    		CODE           	04C7	0000	79
		_setupINTOSC   		CODE           	031B	0000	62
		_CLCK          		CODE           	020E	0000	50
		_enviar_hora   		CODE           	039F	0000	70
		_convertirHora 		CODE           	02AC	0000	55
		_enviar_fecha  		CODE           	03E5	0000	71

pic_maestro.c estimated size: 879

adc.c
		_ADC_Read      		CODE           	01B9	0000	39
		_ADC_Init      		CODE           	0114	0000	9

adc.c estimated size: 48

shared
		__stringtab    		STRING         	0003	0000	6
		__initialization		CODE           	07D9	0000	35

shared estimated size: 41

dht11.c
		_DHT11_Read    		CODE           	0696	0000	152

dht11.c estimated size: 152

LCD.c
		_Lcd_Init      		CODE           	05D2	0000	94
		_Lcd_Write_Char		CODE           	0240	0000	53
		_Lcd_Cmd       		CODE           	017D	0000	26
		_Lcd_Set_Cursor		CODE           	0359	0000	70
		_Lcd_Clear     		CODE           	014F	0000	13
		_Lcd_Port      		CODE           	0197	0000	34

LCD.c estimated size: 290

